{
    "Client": null,
    "Culprit": null,
    "Custom": null,
    "Exception": null,
    "Experimental": null,
    "Http": {
        "Request": {
            "Body": null,
            "Cookies": null,
            "Env": null,
            "Headers": null,
            "Method": "get",
            "Socket": null
        },
        "Response": {
            "DecodedBodySize": null,
            "EncodedBodySize": null,
            "Finished": null,
            "Headers": null,
            "HeadersSent": null,
            "StatusCode": 200,
            "TransferSize": null
        },
        "Version": null
    },
    "Id": null,
    "Log": {
        "Level": null,
        "LoggerName": null,
        "Message": "no connection established",
        "ParamMessage": null,
        "Stacktrace": null
    },
    "Metadata": {
        "Labels": {
            "component": "foo",
            "double_a": 14.65,
            "error": true,
            "hasErrors": true,
            "int_a": 148,
            "peer_service": "sql",
            "string_a_b": "some note",
            "type": "db_request"
        },
        "Process": {
            "Argv": null,
            "Pid": 0,
            "Ppid": null,
            "Title": ""
        },
        "Service": {
            "Agent": {
                "EphemeralId": "",
                "Name": "Jaeger",
                "Version": "unknown"
            },
            "Environment": "",
            "Framework": {
                "Name": "",
                "Version": ""
            },
            "Language": {
                "Name": "unknown",
                "Version": ""
            },
            "Name": "unknown",
            "Node": {
                "Name": ""
            },
            "Runtime": {
                "Name": "",
                "Version": ""
            },
            "Version": ""
        },
        "System": {
            "Architecture": "",
            "ConfiguredHostname": "",
            "Container": {
                "ID": ""
            },
            "DetectedHostname": "host-abc",
            "IP": "",
            "Kubernetes": {
                "Namespace": "",
                "NodeName": "",
                "PodName": "",
                "PodUID": ""
            },
            "Platform": ""
        },
        "User": {
            "Email": "",
            "IP": "",
            "Id": "",
            "Name": "",
            "UserAgent": ""
        }
    },
    "Page": null,
    "ParentId": "41414646",
    "Timestamp": "2019-12-16T12:46:58.000768134Z",
    "TraceId": "46467830",
    "TransactionId": null,
    "TransactionSampled": null,
    "TransactionType": null,
    "Url": {
        "Domain": "foo.bar.com",
        "Fragment": null,
        "Full": "http://foo.bar.com?a=12",
        "Original": "http://foo.bar.com?a=12",
        "Path": null,
        "Port": null,
        "Query": "a=12",
        "Scheme": "http"
    }
}
