{
    "Client": null,
    "Custom": null,
    "Duration": 0,
    "Experimental": null,
    "Http": null,
    "Id": "",
    "Marks": null,
    "Message": null,
    "Metadata": {
        "Labels": {
            "a_b": "foo"
        },
        "Process": {
            "Argv": null,
            "Pid": 0,
            "Ppid": null,
            "Title": ""
        },
        "Service": {
            "Agent": {
                "EphemeralId": "",
                "Name": "Jaeger",
                "Version": "unknown"
            },
            "Environment": "",
            "Framework": {
                "Name": "",
                "Version": ""
            },
            "Language": {
                "Name": "unknown",
                "Version": ""
            },
            "Name": "unknown",
            "Node": {
                "Name": ""
            },
            "Runtime": {
                "Name": "",
                "Version": ""
            },
            "Version": ""
        },
        "System": {
            "Architecture": "",
            "ConfiguredHostname": "",
            "Container": {
                "ID": ""
            },
            "DetectedHostname": "",
            "IP": "",
            "Kubernetes": {
                "Namespace": "",
                "NodeName": "",
                "PodName": "",
                "PodUID": ""
            },
            "Platform": ""
        },
        "User": {
            "Email": "",
            "IP": "",
            "Id": "",
            "Name": "",
            "UserAgent": ""
        }
    },
    "Name": "",
    "Page": null,
    "ParentId": null,
    "Result": "Success",
    "Sampled": null,
    "SpanCount": {
        "Dropped": null,
        "Started": null
    },
    "Timestamp": "0001-01-01T00:00:00Z",
    "TraceId": "",
    "Type": "custom",
    "Url": null
}
