{
    "Client": {
        "IP": "10.15.21.3"
    },
    "Custom": null,
    "Experimental": null,
    "Http": null,
    "Message": null,
    "Page": null,
    "Url": null
}
