{
    "Client": null,
    "Custom": null,
    "Experimental": null,
    "Http": null,
    "Message": null,
    "Page": null,
    "Url": null
}
